// Jest Snapshot v1, https://goo.gl/fbAQLP

exports[`<GameView /> matches snapshot 1`] = `
<styled.div>
  <Unity
    loader="/static/unity/Build/UnityLoader.js"
    src="/static/unity/Build/unity.json"
  />
</styled.div>
`;
